============================= test session starts ==============================
platform linux -- Python 3.12.3, pytest-9.0.2, pluggy-1.6.0
rootdir: /home/nthmost/projects/git/metapub
configfile: pyproject.toml
plugins: anyio-4.12.1
collected 677 items

tests/findit/test_aaas.py ..........                                     [  1%]
tests/findit/test_acm.py ....                                            [  2%]
tests/findit/test_acs.py .......                                         [  3%]
tests/findit/test_ajph.py ............                                   [  4%]
tests/findit/test_annualreviews.py .................                     [  7%]
tests/findit/test_apa.py ..................                              [ 10%]
tests/findit/test_aps.py .......                                         [ 11%]
tests/findit/test_asm.py .................                               [ 13%]
tests/findit/test_asme.py .........                                      [ 14%]
tests/findit/test_ats.py ...............                                 [ 17%]
tests/findit/test_bentham.py ..........                                  [ 18%]
tests/findit/test_biochemsoc.py ............                             [ 20%]
tests/findit/test_bmj.py .......                                         [ 21%]
tests/findit/test_brill.py .FFFF.....                                    [ 22%]
tests/findit/test_cambridge.py ...                                       [ 23%]
tests/findit/test_degruyter.py ........                                  [ 24%]
tests/findit/test_dovepress.py FFFFF                                     [ 25%]
tests/findit/test_dustri.py ...                                          [ 25%]
tests/findit/test_hilaris.py ...............                             [ 27%]
tests/findit/test_inderscience.py ...........                            [ 29%]
tests/findit/test_ingentaconnect.py ...........                          [ 31%]
tests/findit/test_iop.py ........                                        [ 32%]
tests/findit/test_jama.py ...                                            [ 32%]
tests/findit/test_jci.py .......                                         [ 33%]
tests/findit/test_jstage.py .......                                      [ 34%]
tests/findit/test_liebert.py ....                                        [ 35%]
tests/findit/test_longdom.py .....                                       [ 36%]
tests/findit/test_lww.py ...                                             [ 36%]
tests/findit/test_mdpi.py ..........                                     [ 38%]
tests/findit/test_nature.py .......                                      [ 39%]
tests/findit/test_nejm.py ......                                         [ 40%]
tests/findit/test_oatext.py .........                                    [ 41%]
tests/findit/test_oxford_academic.py ............                        [ 43%]
tests/findit/test_plos.py ......                                         [ 44%]
tests/findit/test_pmc.py F                                               [ 44%]
tests/findit/test_pnas.py .......                                        [ 45%]
tests/findit/test_projectmuse.py .....F......FFF.....                    [ 48%]
tests/findit/test_rsc.py .........                                       [ 49%]
tests/findit/test_scielo.py .F....FFF...                                 [ 51%]
tests/findit/test_sciencedirect.py ............                          [ 53%]
tests/findit/test_sciendo.py .....                                       [ 53%]
tests/findit/test_scirp.py .......                                       [ 54%]
tests/findit/test_taylor_francis.py .........                            [ 56%]
tests/findit/test_thieme.py ..............                               [ 58%]
tests/findit/test_uchicago.py ......                                     [ 59%]
tests/findit/test_walshmedia.py ...............                          [ 61%]
tests/findit/test_wiley.py ...............                               [ 63%]
tests/findit/test_wjgnet.py ..........                                   [ 64%]
tests/findit/test_wolterskluwer.py ......                                [ 65%]
tests/findit/test_worldscientific.py ..........                          [ 67%]
tests/test_asciify.py ....                                               [ 67%]
tests/test_base.py ...                                                   [ 68%]
tests/test_bibtex_citation.py ...................                        [ 71%]
tests/test_citation_formatting.py ......                                 [ 72%]
tests/test_citation_html_regression.py ........                          [ 73%]
tests/test_clinvar_fetcher.py ..............                             [ 75%]
tests/test_consolidated_publishers.py ...............                    [ 77%]
tests/test_convert.py ...                                                [ 77%]
tests/test_crossref_work.py ................                             [ 80%]
tests/test_eutils_common.py ..                                           [ 80%]
tests/test_findit.py ...........                                         [ 82%]
tests/test_findit_handlers.py .................                          [ 84%]
tests/test_findit_offline_construction.py .........                      [ 86%]
tests/test_html_citation_protection.py ..............                    [ 88%]
tests/test_medgen_fetcher.py ...                                         [ 88%]
tests/test_ncbi_health_check.py .....................                    [ 91%]
tests/test_pmids_for_citation.py ....                                    [ 92%]
tests/test_pubmed_advquery.py ......                                     [ 93%]
tests/test_pubmed_article.py .....................                       [ 96%]
tests/test_pubmed_fetcher.py ....                                        [ 96%]
tests/test_registry_dance_consistency.py ....                            [ 97%]
tests/test_text_mining.py .........                                      [ 98%]
tests/test_urlreverse_offline.py .....                                   [ 99%]
tests/test_utils.py ...                                                  [100%]

=================================== FAILURES ===================================
_______ TestBrillDance.test_brill_bridge_url_construction_early_sci_med ________

self = <tests.findit.test_brill.TestBrillDance testMethod=test_brill_bridge_url_construction_early_sci_med>

    def test_brill_bridge_url_construction_early_sci_med(self):
        """Test 1: URL construction success (Early Sci Med).
    
        PMID: 26415349 (Early Sci Med)
        Expected: Should construct valid Brill article URL via DOI resolution
        """
        pma = load_pmid_xml('26415349')
    
        assert pma.journal == 'Early Sci Med'
        assert pma.doi == '10.1163/15733823-00202p03'
        print(f"Test 1 - Article info: {pma.journal}, DOI: {pma.doi}")
    
        # Test without verification (should always work for URL construction)
>       url = the_brill_bridge(pma, verify=False)
              ^^^^^^^^^^^^^^^^^^^^^^^^^^^^^^^^^^^

tests/findit/test_brill.py:35: 
_ _ _ _ _ _ _ _ _ _ _ _ _ _ _ _ _ _ _ _ _ _ _ _ _ _ _ _ _ _ _ _ _ _ _ _ _ _ _ _ 
metapub/findit/dances/brill.py:39: in the_brill_bridge
    response = unified_uri_get(article_url, timeout=request_timeout, max_redirects=max_redirects)
               ^^^^^^^^^^^^^^^^^^^^^^^^^^^^^^^^^^^^^^^^^^^^^^^^^^^^^^^^^^^^^^^^^^^^^^^^^^^^^^^^^^
metapub/findit/dances/generic.py:135: in unified_uri_get
    response = session.get(uri, allow_redirects=allow_redirects,
.venv/lib/python3.12/site-packages/requests/sessions.py:602: in get
    return self.request("GET", url, **kwargs)
           ^^^^^^^^^^^^^^^^^^^^^^^^^^^^^^^^^^
.venv/lib/python3.12/site-packages/requests/sessions.py:575: in request
    prep = self.prepare_request(req)
           ^^^^^^^^^^^^^^^^^^^^^^^^^
.venv/lib/python3.12/site-packages/requests/sessions.py:484: in prepare_request
    p.prepare(
.venv/lib/python3.12/site-packages/requests/models.py:367: in prepare
    self.prepare_url(url, params)
_ _ _ _ _ _ _ _ _ _ _ _ _ _ _ _ _ _ _ _ _ _ _ _ _ _ _ _ _ _ _ _ _ _ _ _ _ _ _ _ 

self = <PreparedRequest [GET]>, url = 'None', params = OrderedDict()

    def prepare_url(self, url, params):
        """Prepares the given HTTP URL."""
        #: Accept objects that have string representations.
        #: We're unable to blindly call unicode/str functions
        #: as this will include the bytestring indicator (b'')
        #: on python 3.x.
        #: https://github.com/psf/requests/pull/2238
        if isinstance(url, bytes):
            url = url.decode("utf8")
        else:
            url = str(url)
    
        # Remove leading whitespaces from url
        url = url.lstrip()
    
        # Don't do any URL preparation for non-HTTP schemes like `mailto`,
        # `data` etc to work around exceptions from `url_parse`, which
        # handles RFC 3986 only.
        if ":" in url and not url.lower().startswith("http"):
            self.url = url
            return
    
        # Support for unicode domain names and paths.
        try:
            scheme, auth, host, port, path, query, fragment = parse_url(url)
        except LocationParseError as e:
            raise InvalidURL(*e.args)
    
        if not scheme:
>           raise MissingSchema(
                f"Invalid URL {url!r}: No scheme supplied. "
                f"Perhaps you meant https://{url}?"
            )
E           requests.exceptions.MissingSchema: Invalid URL 'None': No scheme supplied. Perhaps you meant https://None?

.venv/lib/python3.12/site-packages/requests/models.py:438: MissingSchema
----------------------------- Captured stdout call -----------------------------
Test 1 - Article info: Early Sci Med, DOI: 10.1163/15733823-00202p03
----------------------------- Captured stderr call -----------------------------
Starting new HTTP connection (1): dx.doi.org:80
http://dx.doi.org:80 "GET /10.1163/15733823-00202p03 HTTP/1.1" 301 0
Starting new HTTPS connection (1): dx.doi.org:443
https://dx.doi.org:443 "GET /10.1163/15733823-00202p03 HTTP/1.1" 302 None
Starting new HTTPS connection (1): brill.com:443
https://brill.com:443 "GET /view/journals/esm/20/2/article-p150_3.xml HTTP/1.1" 202 1991
2026-03-23 04:42:29 loki metapub.DxDOI[497820] INFO cached results for key 10.1163/15733823-00202p03 (10.1163/15733823-00202p03) 
cached results for key 10.1163/15733823-00202p03 (10.1163/15733823-00202p03) 
------------------------------ Captured log call -------------------------------
DEBUG    urllib3.connectionpool:connectionpool.py:241 Starting new HTTP connection (1): dx.doi.org:80
DEBUG    urllib3.connectionpool:connectionpool.py:544 http://dx.doi.org:80 "GET /10.1163/15733823-00202p03 HTTP/1.1" 301 0
DEBUG    urllib3.connectionpool:connectionpool.py:1049 Starting new HTTPS connection (1): dx.doi.org:443
DEBUG    urllib3.connectionpool:connectionpool.py:544 https://dx.doi.org:443 "GET /10.1163/15733823-00202p03 HTTP/1.1" 302 None
DEBUG    urllib3.connectionpool:connectionpool.py:1049 Starting new HTTPS connection (1): brill.com:443
DEBUG    urllib3.connectionpool:connectionpool.py:544 https://brill.com:443 "GET /view/journals/esm/20/2/article-p150_3.xml HTTP/1.1" 202 1991
INFO     metapub.DxDOI:dx_doi.py:143 cached results for key 10.1163/15733823-00202p03 (10.1163/15733823-00202p03)
_____ TestBrillDance.test_brill_bridge_url_construction_early_sci_med_alt ______

self = <tests.findit.test_brill.TestBrillDance testMethod=test_brill_bridge_url_construction_early_sci_med_alt>

    def test_brill_bridge_url_construction_early_sci_med_alt(self):
        """Test 2: Alternative Early Science Medicine article.
    
        PMID: 11873782 (Early Sci Med)
        Expected: Should construct valid Brill article URL
        """
        pma = load_pmid_xml('11873782')
    
        assert pma.journal == 'Early Sci Med'
        assert pma.doi == '10.1163/157338201x00154'
        print(f"Test 2 - Article info: {pma.journal}, DOI: {pma.doi}")
    
        # Test without verification
>       url = the_brill_bridge(pma, verify=False)
              ^^^^^^^^^^^^^^^^^^^^^^^^^^^^^^^^^^^

tests/findit/test_brill.py:53: 
_ _ _ _ _ _ _ _ _ _ _ _ _ _ _ _ _ _ _ _ _ _ _ _ _ _ _ _ _ _ _ _ _ _ _ _ _ _ _ _ 
metapub/findit/dances/brill.py:39: in the_brill_bridge
    response = unified_uri_get(article_url, timeout=request_timeout, max_redirects=max_redirects)
               ^^^^^^^^^^^^^^^^^^^^^^^^^^^^^^^^^^^^^^^^^^^^^^^^^^^^^^^^^^^^^^^^^^^^^^^^^^^^^^^^^^
metapub/findit/dances/generic.py:135: in unified_uri_get
    response = session.get(uri, allow_redirects=allow_redirects,
.venv/lib/python3.12/site-packages/requests/sessions.py:602: in get
    return self.request("GET", url, **kwargs)
           ^^^^^^^^^^^^^^^^^^^^^^^^^^^^^^^^^^
.venv/lib/python3.12/site-packages/requests/sessions.py:575: in request
    prep = self.prepare_request(req)
           ^^^^^^^^^^^^^^^^^^^^^^^^^
.venv/lib/python3.12/site-packages/requests/sessions.py:484: in prepare_request
    p.prepare(
.venv/lib/python3.12/site-packages/requests/models.py:367: in prepare
    self.prepare_url(url, params)
_ _ _ _ _ _ _ _ _ _ _ _ _ _ _ _ _ _ _ _ _ _ _ _ _ _ _ _ _ _ _ _ _ _ _ _ _ _ _ _ 

self = <PreparedRequest [GET]>, url = 'None', params = OrderedDict()

    def prepare_url(self, url, params):
        """Prepares the given HTTP URL."""
        #: Accept objects that have string representations.
        #: We're unable to blindly call unicode/str functions
        #: as this will include the bytestring indicator (b'')
        #: on python 3.x.
        #: https://github.com/psf/requests/pull/2238
        if isinstance(url, bytes):
            url = url.decode("utf8")
        else:
            url = str(url)
    
        # Remove leading whitespaces from url
        url = url.lstrip()
    
        # Don't do any URL preparation for non-HTTP schemes like `mailto`,
        # `data` etc to work around exceptions from `url_parse`, which
        # handles RFC 3986 only.
        if ":" in url and not url.lower().startswith("http"):
            self.url = url
            return
    
        # Support for unicode domain names and paths.
        try:
            scheme, auth, host, port, path, query, fragment = parse_url(url)
        except LocationParseError as e:
            raise InvalidURL(*e.args)
    
        if not scheme:
>           raise MissingSchema(
                f"Invalid URL {url!r}: No scheme supplied. "
                f"Perhaps you meant https://{url}?"
            )
E           requests.exceptions.MissingSchema: Invalid URL 'None': No scheme supplied. Perhaps you meant https://None?

.venv/lib/python3.12/site-packages/requests/models.py:438: MissingSchema
----------------------------- Captured stdout call -----------------------------
Test 2 - Article info: Early Sci Med, DOI: 10.1163/157338201x00154
----------------------------- Captured stderr call -----------------------------
Starting new HTTP connection (1): dx.doi.org:80
http://dx.doi.org:80 "GET /10.1163/157338201x00154 HTTP/1.1" 301 0
Starting new HTTPS connection (1): dx.doi.org:443
https://dx.doi.org:443 "GET /10.1163/157338201x00154 HTTP/1.1" 302 None
Starting new HTTPS connection (1): brill.com:443
https://brill.com:443 "GET /view/journals/esm/6/4/article-p259_1.xml HTTP/1.1" 202 1991
2026-03-23 04:42:29 loki metapub.DxDOI[497820] INFO cached results for key 10.1163/157338201x00154 (10.1163/157338201x00154) 
cached results for key 10.1163/157338201x00154 (10.1163/157338201x00154) 
------------------------------ Captured log call -------------------------------
DEBUG    urllib3.connectionpool:connectionpool.py:241 Starting new HTTP connection (1): dx.doi.org:80
DEBUG    urllib3.connectionpool:connectionpool.py:544 http://dx.doi.org:80 "GET /10.1163/157338201x00154 HTTP/1.1" 301 0
DEBUG    urllib3.connectionpool:connectionpool.py:1049 Starting new HTTPS connection (1): dx.doi.org:443
DEBUG    urllib3.connectionpool:connectionpool.py:544 https://dx.doi.org:443 "GET /10.1163/157338201x00154 HTTP/1.1" 302 None
DEBUG    urllib3.connectionpool:connectionpool.py:1049 Starting new HTTPS connection (1): brill.com:443
DEBUG    urllib3.connectionpool:connectionpool.py:544 https://brill.com:443 "GET /view/journals/esm/6/4/article-p259_1.xml HTTP/1.1" 202 1991
INFO     metapub.DxDOI:dx_doi.py:143 cached results for key 10.1163/157338201x00154 (10.1163/157338201x00154)
_________ TestBrillDance.test_brill_bridge_url_construction_phronesis __________

self = <tests.findit.test_brill.TestBrillDance testMethod=test_brill_bridge_url_construction_phronesis>

    def test_brill_bridge_url_construction_phronesis(self):
        """Test 4: Phronesis journal article.
    
        PMID: 11636720 (Phronesis)
        Expected: Should construct valid Brill article URL
        """
        pma = load_pmid_xml('11636720')
    
        assert pma.journal == 'Phronesis (Barc)'
        assert pma.doi == '10.1163/156852873x00014'
        print(f"Test 4 - Article info: {pma.journal}, DOI: {pma.doi}")
    
        # Test without verification
>       url = the_brill_bridge(pma, verify=False)
              ^^^^^^^^^^^^^^^^^^^^^^^^^^^^^^^^^^^

tests/findit/test_brill.py:88: 
_ _ _ _ _ _ _ _ _ _ _ _ _ _ _ _ _ _ _ _ _ _ _ _ _ _ _ _ _ _ _ _ _ _ _ _ _ _ _ _ 
metapub/findit/dances/brill.py:39: in the_brill_bridge
    response = unified_uri_get(article_url, timeout=request_timeout, max_redirects=max_redirects)
               ^^^^^^^^^^^^^^^^^^^^^^^^^^^^^^^^^^^^^^^^^^^^^^^^^^^^^^^^^^^^^^^^^^^^^^^^^^^^^^^^^^
metapub/findit/dances/generic.py:135: in unified_uri_get
    response = session.get(uri, allow_redirects=allow_redirects,
.venv/lib/python3.12/site-packages/requests/sessions.py:602: in get
    return self.request("GET", url, **kwargs)
           ^^^^^^^^^^^^^^^^^^^^^^^^^^^^^^^^^^
.venv/lib/python3.12/site-packages/requests/sessions.py:575: in request
    prep = self.prepare_request(req)
           ^^^^^^^^^^^^^^^^^^^^^^^^^
.venv/lib/python3.12/site-packages/requests/sessions.py:484: in prepare_request
    p.prepare(
.venv/lib/python3.12/site-packages/requests/models.py:367: in prepare
    self.prepare_url(url, params)
_ _ _ _ _ _ _ _ _ _ _ _ _ _ _ _ _ _ _ _ _ _ _ _ _ _ _ _ _ _ _ _ _ _ _ _ _ _ _ _ 

self = <PreparedRequest [GET]>, url = 'None', params = OrderedDict()

    def prepare_url(self, url, params):
        """Prepares the given HTTP URL."""
        #: Accept objects that have string representations.
        #: We're unable to blindly call unicode/str functions
        #: as this will include the bytestring indicator (b'')
        #: on python 3.x.
        #: https://github.com/psf/requests/pull/2238
        if isinstance(url, bytes):
            url = url.decode("utf8")
        else:
            url = str(url)
    
        # Remove leading whitespaces from url
        url = url.lstrip()
    
        # Don't do any URL preparation for non-HTTP schemes like `mailto`,
        # `data` etc to work around exceptions from `url_parse`, which
        # handles RFC 3986 only.
        if ":" in url and not url.lower().startswith("http"):
            self.url = url
            return
    
        # Support for unicode domain names and paths.
        try:
            scheme, auth, host, port, path, query, fragment = parse_url(url)
        except LocationParseError as e:
            raise InvalidURL(*e.args)
    
        if not scheme:
>           raise MissingSchema(
                f"Invalid URL {url!r}: No scheme supplied. "
                f"Perhaps you meant https://{url}?"
            )
E           requests.exceptions.MissingSchema: Invalid URL 'None': No scheme supplied. Perhaps you meant https://None?

.venv/lib/python3.12/site-packages/requests/models.py:438: MissingSchema
----------------------------- Captured stdout call -----------------------------
Test 4 - Article info: Phronesis (Barc), DOI: 10.1163/156852873x00014
----------------------------- Captured stderr call -----------------------------
Starting new HTTP connection (1): dx.doi.org:80
http://dx.doi.org:80 "GET /10.1163/156852873x00014 HTTP/1.1" 301 0
Starting new HTTPS connection (1): dx.doi.org:443
https://dx.doi.org:443 "GET /10.1163/156852873x00014 HTTP/1.1" 302 None
Starting new HTTPS connection (1): brill.com:443
https://brill.com:443 "GET /view/journals/phro/18/1-2/article-p1_1.xml HTTP/1.1" 202 1991
2026-03-23 04:42:30 loki metapub.DxDOI[497820] INFO cached results for key 10.1163/156852873x00014 (10.1163/156852873x00014) 
cached results for key 10.1163/156852873x00014 (10.1163/156852873x00014) 
------------------------------ Captured log call -------------------------------
DEBUG    urllib3.connectionpool:connectionpool.py:241 Starting new HTTP connection (1): dx.doi.org:80
DEBUG    urllib3.connectionpool:connectionpool.py:544 http://dx.doi.org:80 "GET /10.1163/156852873x00014 HTTP/1.1" 301 0
DEBUG    urllib3.connectionpool:connectionpool.py:1049 Starting new HTTPS connection (1): dx.doi.org:443
DEBUG    urllib3.connectionpool:connectionpool.py:544 https://dx.doi.org:443 "GET /10.1163/156852873x00014 HTTP/1.1" 302 None
DEBUG    urllib3.connectionpool:connectionpool.py:1049 Starting new HTTPS connection (1): brill.com:443
DEBUG    urllib3.connectionpool:connectionpool.py:544 https://brill.com:443 "GET /view/journals/phro/18/1-2/article-p1_1.xml HTTP/1.1" 202 1991
INFO     metapub.DxDOI:dx_doi.py:143 cached results for key 10.1163/156852873x00014 (10.1163/156852873x00014)
_________ TestBrillDance.test_brill_bridge_url_construction_toung_pao __________

self = <tests.findit.test_brill.TestBrillDance testMethod=test_brill_bridge_url_construction_toung_pao>

    def test_brill_bridge_url_construction_toung_pao(self):
        """Test 3: Toung Pao journal article.
    
        PMID: 11618220 (Toung Pao)
        Expected: Should construct valid Brill article URL
        """
        pma = load_pmid_xml('11618220')
    
        assert pma.journal == 'Toung Pao'
        assert pma.doi == '10.1163/156853287x00032'
        print(f"Test 3 - Article info: {pma.journal}, DOI: {pma.doi}")
    
        # Test without verification
>       url = the_brill_bridge(pma, verify=False)
              ^^^^^^^^^^^^^^^^^^^^^^^^^^^^^^^^^^^

tests/findit/test_brill.py:71: 
_ _ _ _ _ _ _ _ _ _ _ _ _ _ _ _ _ _ _ _ _ _ _ _ _ _ _ _ _ _ _ _ _ _ _ _ _ _ _ _ 
metapub/findit/dances/brill.py:39: in the_brill_bridge
    response = unified_uri_get(article_url, timeout=request_timeout, max_redirects=max_redirects)
               ^^^^^^^^^^^^^^^^^^^^^^^^^^^^^^^^^^^^^^^^^^^^^^^^^^^^^^^^^^^^^^^^^^^^^^^^^^^^^^^^^^
metapub/findit/dances/generic.py:135: in unified_uri_get
    response = session.get(uri, allow_redirects=allow_redirects,
.venv/lib/python3.12/site-packages/requests/sessions.py:602: in get
    return self.request("GET", url, **kwargs)
           ^^^^^^^^^^^^^^^^^^^^^^^^^^^^^^^^^^
.venv/lib/python3.12/site-packages/requests/sessions.py:575: in request
    prep = self.prepare_request(req)
           ^^^^^^^^^^^^^^^^^^^^^^^^^
.venv/lib/python3.12/site-packages/requests/sessions.py:484: in prepare_request
    p.prepare(
.venv/lib/python3.12/site-packages/requests/models.py:367: in prepare
    self.prepare_url(url, params)
_ _ _ _ _ _ _ _ _ _ _ _ _ _ _ _ _ _ _ _ _ _ _ _ _ _ _ _ _ _ _ _ _ _ _ _ _ _ _ _ 

self = <PreparedRequest [GET]>, url = 'None', params = OrderedDict()

    def prepare_url(self, url, params):
        """Prepares the given HTTP URL."""
        #: Accept objects that have string representations.
        #: We're unable to blindly call unicode/str functions
        #: as this will include the bytestring indicator (b'')
        #: on python 3.x.
        #: https://github.com/psf/requests/pull/2238
        if isinstance(url, bytes):
            url = url.decode("utf8")
        else:
            url = str(url)
    
        # Remove leading whitespaces from url
        url = url.lstrip()
    
        # Don't do any URL preparation for non-HTTP schemes like `mailto`,
        # `data` etc to work around exceptions from `url_parse`, which
        # handles RFC 3986 only.
        if ":" in url and not url.lower().startswith("http"):
            self.url = url
            return
    
        # Support for unicode domain names and paths.
        try:
            scheme, auth, host, port, path, query, fragment = parse_url(url)
        except LocationParseError as e:
            raise InvalidURL(*e.args)
    
        if not scheme:
>           raise MissingSchema(
                f"Invalid URL {url!r}: No scheme supplied. "
                f"Perhaps you meant https://{url}?"
            )
E           requests.exceptions.MissingSchema: Invalid URL 'None': No scheme supplied. Perhaps you meant https://None?

.venv/lib/python3.12/site-packages/requests/models.py:438: MissingSchema
----------------------------- Captured stdout call -----------------------------
Test 3 - Article info: Toung Pao, DOI: 10.1163/156853287x00032
----------------------------- Captured stderr call -----------------------------
Starting new HTTP connection (1): dx.doi.org:80
http://dx.doi.org:80 "GET /10.1163/156853287x00032 HTTP/1.1" 301 0
Starting new HTTPS connection (1): dx.doi.org:443
https://dx.doi.org:443 "GET /10.1163/156853287x00032 HTTP/1.1" 302 None
Starting new HTTPS connection (1): brill.com:443
https://brill.com:443 "GET /view/journals/tpao/73/4/article-p217_3.xml HTTP/1.1" 202 1991
2026-03-23 04:42:31 loki metapub.DxDOI[497820] INFO cached results for key 10.1163/156853287x00032 (10.1163/156853287x00032) 
cached results for key 10.1163/156853287x00032 (10.1163/156853287x00032) 
------------------------------ Captured log call -------------------------------
DEBUG    urllib3.connectionpool:connectionpool.py:241 Starting new HTTP connection (1): dx.doi.org:80
DEBUG    urllib3.connectionpool:connectionpool.py:544 http://dx.doi.org:80 "GET /10.1163/156853287x00032 HTTP/1.1" 301 0
DEBUG    urllib3.connectionpool:connectionpool.py:1049 Starting new HTTPS connection (1): dx.doi.org:443
DEBUG    urllib3.connectionpool:connectionpool.py:544 https://dx.doi.org:443 "GET /10.1163/156853287x00032 HTTP/1.1" 302 None
DEBUG    urllib3.connectionpool:connectionpool.py:1049 Starting new HTTPS connection (1): brill.com:443
DEBUG    urllib3.connectionpool:connectionpool.py:544 https://brill.com:443 "GET /view/journals/tpao/73/4/article-p217_3.xml HTTP/1.1" 202 1991
INFO     metapub.DxDOI:dx_doi.py:143 cached results for key 10.1163/156853287x00032 (10.1163/156853287x00032)
_____________ TestDovePressTest.test_dovepress_waltz_cmar_article ______________

self = <tests.findit.test_dovepress.TestDovePressTest testMethod=test_dovepress_waltz_cmar_article>

    def test_dovepress_waltz_cmar_article(self):
        """Test 3: Cancer Management and Research article.
    
        PMID: 36873252 (Cancer Manag Res)
        Expected: Should construct valid DovePress PDF URL
        """
        pma = self.fetch.article_by_pmid('36873252')
    
        assert pma.journal == 'Cancer Manag Res'
        assert pma.doi == '10.2147/CMAR.S400013'
        print(f"Test 3 - Article info: {pma.journal}, DOI: {pma.doi}")
    
        # Test without verification
>       url = the_dovepress_peacock(pma, verify=False)
              ^^^^^^^^^^^^^^^^^^^^^^^^^^^^^^^^^^^^^^^^

tests/findit/test_dovepress.py:73: 
_ _ _ _ _ _ _ _ _ _ _ _ _ _ _ _ _ _ _ _ _ _ _ _ _ _ _ _ _ _ _ _ _ _ _ _ _ _ _ _ 

pma = <metapub.pubmedarticle.PubMedArticle object at 0x795c5193ab40>
verify = False, request_timeout = 10, max_redirects = 3

    def the_dovepress_peacock(pma, verify=True, request_timeout=10, max_redirects=3):
        """DovePress - extract PDF URL from article download link."""
        if not pma.doi:
            raise NoPDFLink('MISSING: DOI required for DovePress journals')
    
        article_url = the_doi_2step(pma.doi)
        response = unified_uri_get(article_url, timeout=request_timeout, max_redirects=max_redirects)
    
        if response.status_code != 200:
            raise NoPDFLink(f'TXERROR: Could not access DovePress article page (HTTP {response.status_code})')
    
        # Parse HTML to find PDF download link
        root = etree.fromstring(response.content, HTMLParser())
    
        # Look for article/download/ links
        for elem in root.iter():
            if elem.tag == 'a':
                href = elem.get('href', '')
                text = (elem.text or '').lower()
    
                if ('download' in href and ('pdf' in text or 'article' in text)) or 'article/download/' in href:
                    # Convert relative URL to absolute URL
                    if href.startswith('/'):
                        pdf_url = 'https://www.dovepress.com' + href
                    elif href.startswith('article/'):
                        pdf_url = 'https://www.dovepress.com/' + href
                    else:
                        pdf_url = href
    
                    if verify:
                        verify_pdf_url(pdf_url, 'DovePress', request_timeout=request_timeout, max_redirects=max_redirects)
    
                    return pdf_url
    
        # Fallback: Look for citation_pdf_url meta tag
        head = root.find('.//head')
        if head is not None:
            for elem in head.findall('.//meta'):
                if elem.get('name') == 'citation_pdf_url':
                    pdf_url = elem.get('content')
                    if verify:
                        verify_pdf_url(pdf_url, 'DovePress', request_timeout=request_timeout, max_redirects=max_redirects)
                    return pdf_url
    
>       raise NoPDFLink('MISSING: No PDF download link found in DovePress article HTML')
E       metapub.exceptions.NoPDFLink: MISSING: No PDF download link found in DovePress article HTML

metapub/findit/dances/dovepress.py:54: NoPDFLink
----------------------------- Captured stdout call -----------------------------
Test 3 - Article info: Cancer Manag Res, DOI: 10.2147/CMAR.S400013
----------------------------- Captured stderr call -----------------------------
Resetting dropped connection: eutils.ncbi.nlm.nih.gov
https://eutils.ncbi.nlm.nih.gov:443 "GET /entrez/eutils/efetch.fcgi?api_key=e58792b53033b8b644acf76c745486831907&tool=metapub&db=pubmed&id=36873252&rettype=xml&retmode=text HTTP/1.1" 200 None
Starting new HTTPS connection (1): www.dovepress.com:443
https://www.dovepress.com:443 "GET /drug-resistance-mechanism-and-new-targeted-drugs-and-treatments-of-rel-peer-reviewed-fulltext-article-CMAR HTTP/1.1" 200 None
------------------------------ Captured log call -------------------------------
DEBUG    urllib3.connectionpool:connectionpool.py:289 Resetting dropped connection: eutils.ncbi.nlm.nih.gov
DEBUG    urllib3.connectionpool:connectionpool.py:544 https://eutils.ncbi.nlm.nih.gov:443 "GET /entrez/eutils/efetch.fcgi?api_key=e58792b53033b8b644acf76c745486831907&tool=metapub&db=pubmed&id=36873252&rettype=xml&retmode=text HTTP/1.1" 200 None
DEBUG    urllib3.connectionpool:connectionpool.py:1049 Starting new HTTPS connection (1): www.dovepress.com:443
DEBUG    urllib3.connectionpool:connectionpool.py:544 https://www.dovepress.com:443 "GET /drug-resistance-mechanism-and-new-targeted-drugs-and-treatments-of-rel-peer-reviewed-fulltext-article-CMAR HTTP/1.1" 200 None
_____________ TestDovePressTest.test_dovepress_waltz_ijin_article ______________

self = <tests.findit.test_dovepress.TestDovePressTest testMethod=test_dovepress_waltz_ijin_article>

    def test_dovepress_waltz_ijin_article(self):
        """Test 1: URL construction success (International Journal of Nanomedicine).
    
        PMID: 37693885 (Int J Nanomedicine)
        Expected: Should construct valid DovePress PDF URL
        """
        pma = self.fetch.article_by_pmid('37693885')
    
        assert pma.journal == 'Int J Nanomedicine'
        assert pma.doi == '10.2147/IJN.S420748'
        print(f"Test 1 - Article info: {pma.journal}, DOI: {pma.doi}")
    
        # Test without verification (should always work for URL construction)
>       url = the_dovepress_peacock(pma, verify=False)
              ^^^^^^^^^^^^^^^^^^^^^^^^^^^^^^^^^^^^^^^^

tests/findit/test_dovepress.py:34: 
_ _ _ _ _ _ _ _ _ _ _ _ _ _ _ _ _ _ _ _ _ _ _ _ _ _ _ _ _ _ _ _ _ _ _ _ _ _ _ _ 

pma = <metapub.pubmedarticle.PubMedArticle object at 0x795c5190a540>
verify = False, request_timeout = 10, max_redirects = 3

    def the_dovepress_peacock(pma, verify=True, request_timeout=10, max_redirects=3):
        """DovePress - extract PDF URL from article download link."""
        if not pma.doi:
            raise NoPDFLink('MISSING: DOI required for DovePress journals')
    
        article_url = the_doi_2step(pma.doi)
        response = unified_uri_get(article_url, timeout=request_timeout, max_redirects=max_redirects)
    
        if response.status_code != 200:
            raise NoPDFLink(f'TXERROR: Could not access DovePress article page (HTTP {response.status_code})')
    
        # Parse HTML to find PDF download link
        root = etree.fromstring(response.content, HTMLParser())
    
        # Look for article/download/ links
        for elem in root.iter():
            if elem.tag == 'a':
                href = elem.get('href', '')
                text = (elem.text or '').lower()
    
                if ('download' in href and ('pdf' in text or 'article' in text)) or 'article/download/' in href:
                    # Convert relative URL to absolute URL
                    if href.startswith('/'):
                        pdf_url = 'https://www.dovepress.com' + href
                    elif href.startswith('article/'):
                        pdf_url = 'https://www.dovepress.com/' + href
                    else:
                        pdf_url = href
    
                    if verify:
                        verify_pdf_url(pdf_url, 'DovePress', request_timeout=request_timeout, max_redirects=max_redirects)
    
                    return pdf_url
    
        # Fallback: Look for citation_pdf_url meta tag
        head = root.find('.//head')
        if head is not None:
            for elem in head.findall('.//meta'):
                if elem.get('name') == 'citation_pdf_url':
                    pdf_url = elem.get('content')
                    if verify:
                        verify_pdf_url(pdf_url, 'DovePress', request_timeout=request_timeout, max_redirects=max_redirects)
                    return pdf_url
    
>       raise NoPDFLink('MISSING: No PDF download link found in DovePress article HTML')
E       metapub.exceptions.NoPDFLink: MISSING: No PDF download link found in DovePress article HTML

metapub/findit/dances/dovepress.py:54: NoPDFLink
----------------------------- Captured stdout call -----------------------------
Test 1 - Article info: Int J Nanomedicine, DOI: 10.2147/IJN.S420748
----------------------------- Captured stderr call -----------------------------
https://eutils.ncbi.nlm.nih.gov:443 "GET /entrez/eutils/efetch.fcgi?api_key=e58792b53033b8b644acf76c745486831907&tool=metapub&db=pubmed&id=37693885&rettype=xml&retmode=text HTTP/1.1" 200 None
Starting new HTTPS connection (1): www.dovepress.com:443
https://www.dovepress.com:443 "GET /plant-derived-exosome-like-nanovesicles-current-progress-and-prospects-peer-reviewed-fulltext-article-IJN HTTP/1.1" 200 None
------------------------------ Captured log call -------------------------------
DEBUG    urllib3.connectionpool:connectionpool.py:544 https://eutils.ncbi.nlm.nih.gov:443 "GET /entrez/eutils/efetch.fcgi?api_key=e58792b53033b8b644acf76c745486831907&tool=metapub&db=pubmed&id=37693885&rettype=xml&retmode=text HTTP/1.1" 200 None
DEBUG    urllib3.connectionpool:connectionpool.py:1049 Starting new HTTPS connection (1): www.dovepress.com:443
DEBUG    urllib3.connectionpool:connectionpool.py:544 https://www.dovepress.com:443 "GET /plant-derived-exosome-like-nanovesicles-current-progress-and-prospects-peer-reviewed-fulltext-article-IJN HTTP/1.1" 200 None
_____________ TestDovePressTest.test_dovepress_waltz_opth_article ______________

self = <tests.findit.test_dovepress.TestDovePressTest testMethod=test_dovepress_waltz_opth_article>

    def test_dovepress_waltz_opth_article(self):
        """Test 2: Clinical Ophthalmology article.
    
        PMID: 37736107 (Clin Ophthalmol)
        Expected: Should construct valid DovePress PDF URL
        """
        pma = self.fetch.article_by_pmid('37736107')
    
        assert pma.journal == 'Clin Ophthalmol'
        assert pma.doi == '10.2147/OPTH.S392665'
        print(f"Test 2 - Article info: {pma.journal}, DOI: {pma.doi}")
    
        # Test without verification
>       url = the_dovepress_peacock(pma, verify=False)
              ^^^^^^^^^^^^^^^^^^^^^^^^^^^^^^^^^^^^^^^^

tests/findit/test_dovepress.py:54: 
_ _ _ _ _ _ _ _ _ _ _ _ _ _ _ _ _ _ _ _ _ _ _ _ _ _ _ _ _ _ _ _ _ _ _ _ _ _ _ _ 

pma = <metapub.pubmedarticle.PubMedArticle object at 0x795c51955190>
verify = False, request_timeout = 10, max_redirects = 3

    def the_dovepress_peacock(pma, verify=True, request_timeout=10, max_redirects=3):
        """DovePress - extract PDF URL from article download link."""
        if not pma.doi:
            raise NoPDFLink('MISSING: DOI required for DovePress journals')
    
        article_url = the_doi_2step(pma.doi)
        response = unified_uri_get(article_url, timeout=request_timeout, max_redirects=max_redirects)
    
        if response.status_code != 200:
            raise NoPDFLink(f'TXERROR: Could not access DovePress article page (HTTP {response.status_code})')
    
        # Parse HTML to find PDF download link
        root = etree.fromstring(response.content, HTMLParser())
    
        # Look for article/download/ links
        for elem in root.iter():
            if elem.tag == 'a':
                href = elem.get('href', '')
                text = (elem.text or '').lower()
    
                if ('download' in href and ('pdf' in text or 'article' in text)) or 'article/download/' in href:
                    # Convert relative URL to absolute URL
                    if href.startswith('/'):
                        pdf_url = 'https://www.dovepress.com' + href
                    elif href.startswith('article/'):
                        pdf_url = 'https://www.dovepress.com/' + href
                    else:
                        pdf_url = href
    
                    if verify:
                        verify_pdf_url(pdf_url, 'DovePress', request_timeout=request_timeout, max_redirects=max_redirects)
    
                    return pdf_url
    
        # Fallback: Look for citation_pdf_url meta tag
        head = root.find('.//head')
        if head is not None:
            for elem in head.findall('.//meta'):
                if elem.get('name') == 'citation_pdf_url':
                    pdf_url = elem.get('content')
                    if verify:
                        verify_pdf_url(pdf_url, 'DovePress', request_timeout=request_timeout, max_redirects=max_redirects)
                    return pdf_url
    
>       raise NoPDFLink('MISSING: No PDF download link found in DovePress article HTML')
E       metapub.exceptions.NoPDFLink: MISSING: No PDF download link found in DovePress article HTML

metapub/findit/dances/dovepress.py:54: NoPDFLink
----------------------------- Captured stdout call -----------------------------
Test 2 - Article info: Clin Ophthalmol, DOI: 10.2147/OPTH.S392665
----------------------------- Captured stderr call -----------------------------
https://eutils.ncbi.nlm.nih.gov:443 "GET /entrez/eutils/efetch.fcgi?api_key=e58792b53033b8b644acf76c745486831907&tool=metapub&db=pubmed&id=37736107&rettype=xml&retmode=text HTTP/1.1" 200 None
Starting new HTTPS connection (1): www.dovepress.com:443
https://www.dovepress.com:443 "GET /keratoconus-diagnosis-and-treatment-recent-advances-and-future-directi-peer-reviewed-fulltext-article-OPTH HTTP/1.1" 200 None
------------------------------ Captured log call -------------------------------
DEBUG    urllib3.connectionpool:connectionpool.py:544 https://eutils.ncbi.nlm.nih.gov:443 "GET /entrez/eutils/efetch.fcgi?api_key=e58792b53033b8b644acf76c745486831907&tool=metapub&db=pubmed&id=37736107&rettype=xml&retmode=text HTTP/1.1" 200 None
DEBUG    urllib3.connectionpool:connectionpool.py:1049 Starting new HTTPS connection (1): www.dovepress.com:443
DEBUG    urllib3.connectionpool:connectionpool.py:544 https://www.dovepress.com:443 "GET /keratoconus-diagnosis-and-treatment-recent-advances-and-future-directi-peer-reviewed-fulltext-article-OPTH HTTP/1.1" 200 None
_ TestDovepressXMLFixtures.test_dovepress_xml_37822558_adolesc_health_med_ther _

self = <tests.findit.test_dovepress.TestDovepressXMLFixtures object at 0x795c51ddc530>
mock_verify = <MagicMock name='verify_pdf_url' id='133437413138816'>

    @patch('metapub.findit.dances.dovepress.verify_pdf_url')
    def test_dovepress_xml_37822558_adolesc_health_med_ther(self, mock_verify):
        """Test PMID 37822558 - Adolesc Health Med Ther with DOI 10.2147/AHMT.S429238."""
        mock_verify.return_value = None
        pma = load_pmid_xml('37822558')
    
        assert pma.pmid == '37822558'
        assert pma.doi == '10.2147/AHMT.S429238'
        assert 'Adolesc Health Med Ther' in pma.journal
    
>       result = the_dovepress_peacock(pma, verify=True)
                 ^^^^^^^^^^^^^^^^^^^^^^^^^^^^^^^^^^^^^^^

tests/findit/test_dovepress.py:95: 
_ _ _ _ _ _ _ _ _ _ _ _ _ _ _ _ _ _ _ _ _ _ _ _ _ _ _ _ _ _ _ _ _ _ _ _ _ _ _ _ 

pma = <metapub.pubmedarticle.PubMedArticle object at 0x795c519c0b90>
verify = True, request_timeout = 10, max_redirects = 3

    def the_dovepress_peacock(pma, verify=True, request_timeout=10, max_redirects=3):
        """DovePress - extract PDF URL from article download link."""
        if not pma.doi:
            raise NoPDFLink('MISSING: DOI required for DovePress journals')
    
        article_url = the_doi_2step(pma.doi)
        response = unified_uri_get(article_url, timeout=request_timeout, max_redirects=max_redirects)
    
        if response.status_code != 200:
            raise NoPDFLink(f'TXERROR: Could not access DovePress article page (HTTP {response.status_code})')
    
        # Parse HTML to find PDF download link
        root = etree.fromstring(response.content, HTMLParser())
    
        # Look for article/download/ links
        for elem in root.iter():
            if elem.tag == 'a':
                href = elem.get('href', '')
                text = (elem.text or '').lower()
    
                if ('download' in href and ('pdf' in text or 'article' in text)) or 'article/download/' in href:
                    # Convert relative URL to absolute URL
                    if href.startswith('/'):
                        pdf_url = 'https://www.dovepress.com' + href
                    elif href.startswith('article/'):
                        pdf_url = 'https://www.dovepress.com/' + href
                    else:
                        pdf_url = href
    
                    if verify:
                        verify_pdf_url(pdf_url, 'DovePress', request_timeout=request_timeout, max_redirects=max_redirects)
    
                    return pdf_url
    
        # Fallback: Look for citation_pdf_url meta tag
        head = root.find('.//head')
        if head is not None:
            for elem in head.findall('.//meta'):
                if elem.get('name') == 'citation_pdf_url':
                    pdf_url = elem.get('content')
                    if verify:
                        verify_pdf_url(pdf_url, 'DovePress', request_timeout=request_timeout, max_redirects=max_redirects)
                    return pdf_url
    
>       raise NoPDFLink('MISSING: No PDF download link found in DovePress article HTML')
E       metapub.exceptions.NoPDFLink: MISSING: No PDF download link found in DovePress article HTML

metapub/findit/dances/dovepress.py:54: NoPDFLink
----------------------------- Captured stderr call -----------------------------
Starting new HTTPS connection (1): www.dovepress.com:443
https://www.dovepress.com:443 "GET /perception-and-mental-health-status-regarding-covid-19-vaccination-amo-peer-reviewed-fulltext-article-AHMT HTTP/1.1" 200 None
------------------------------ Captured log call -------------------------------
DEBUG    urllib3.connectionpool:connectionpool.py:1049 Starting new HTTPS connection (1): www.dovepress.com:443
DEBUG    urllib3.connectionpool:connectionpool.py:544 https://www.dovepress.com:443 "GET /perception-and-mental-health-status-regarding-covid-19-vaccination-amo-peer-reviewed-fulltext-article-AHMT HTTP/1.1" 200 None
_ TestDovepressXMLFixtures.test_dovepress_xml_35592492_adolesc_health_med_ther _

self = <tests.findit.test_dovepress.TestDovepressXMLFixtures object at 0x795c51ddc830>
mock_verify = <MagicMock name='verify_pdf_url' id='133437411826752'>

    @patch('metapub.findit.dances.dovepress.verify_pdf_url')
    def test_dovepress_xml_35592492_adolesc_health_med_ther(self, mock_verify):
        """Test PMID 35592492 - Adolesc Health Med Ther with DOI 10.2147/AHMT.S358140."""
        mock_verify.return_value = None
        pma = load_pmid_xml('35592492')
    
        assert pma.pmid == '35592492'
        assert pma.doi == '10.2147/AHMT.S358140'
        assert 'Adolesc Health Med Ther' in pma.journal
    
>       result = the_dovepress_peacock(pma, verify=True)
                 ^^^^^^^^^^^^^^^^^^^^^^^^^^^^^^^^^^^^^^^

tests/findit/test_dovepress.py:110: 
_ _ _ _ _ _ _ _ _ _ _ _ _ _ _ _ _ _ _ _ _ _ _ _ _ _ _ _ _ _ _ _ _ _ _ _ _ _ _ _ 

pma = <metapub.pubmedarticle.PubMedArticle object at 0x795c518813a0>
verify = True, request_timeout = 10, max_redirects = 3

    def the_dovepress_peacock(pma, verify=True, request_timeout=10, max_redirects=3):
        """DovePress - extract PDF URL from article download link."""
        if not pma.doi:
            raise NoPDFLink('MISSING: DOI required for DovePress journals')
    
        article_url = the_doi_2step(pma.doi)
        response = unified_uri_get(article_url, timeout=request_timeout, max_redirects=max_redirects)
    
        if response.status_code != 200:
            raise NoPDFLink(f'TXERROR: Could not access DovePress article page (HTTP {response.status_code})')
    
        # Parse HTML to find PDF download link
        root = etree.fromstring(response.content, HTMLParser())
    
        # Look for article/download/ links
        for elem in root.iter():
            if elem.tag == 'a':
                href = elem.get('href', '')
                text = (elem.text or '').lower()
    
                if ('download' in href and ('pdf' in text or 'article' in text)) or 'article/download/' in href:
                    # Convert relative URL to absolute URL
                    if href.startswith('/'):
                        pdf_url = 'https://www.dovepress.com' + href
                    elif href.startswith('article/'):
                        pdf_url = 'https://www.dovepress.com/' + href
                    else:
                        pdf_url = href
    
                    if verify:
                        verify_pdf_url(pdf_url, 'DovePress', request_timeout=request_timeout, max_redirects=max_redirects)
    
                    return pdf_url
    
        # Fallback: Look for citation_pdf_url meta tag
        head = root.find('.//head')
        if head is not None:
            for elem in head.findall('.//meta'):
                if elem.get('name') == 'citation_pdf_url':
                    pdf_url = elem.get('content')
                    if verify:
                        verify_pdf_url(pdf_url, 'DovePress', request_timeout=request_timeout, max_redirects=max_redirects)
                    return pdf_url
    
>       raise NoPDFLink('MISSING: No PDF download link found in DovePress article HTML')
E       metapub.exceptions.NoPDFLink: MISSING: No PDF download link found in DovePress article HTML

metapub/findit/dances/dovepress.py:54: NoPDFLink
----------------------------- Captured stderr call -----------------------------
Starting new HTTPS connection (1): www.dovepress.com:443
https://www.dovepress.com:443 "GET /sexual-and-reproductive-health-problems-and-needs-of-street-youths-in--peer-reviewed-fulltext-article-AHMT HTTP/1.1" 200 None
------------------------------ Captured log call -------------------------------
DEBUG    urllib3.connectionpool:connectionpool.py:1049 Starting new HTTPS connection (1): www.dovepress.com:443
DEBUG    urllib3.connectionpool:connectionpool.py:544 https://www.dovepress.com:443 "GET /sexual-and-reproductive-health-problems-and-needs-of-street-youths-in--peer-reviewed-fulltext-article-AHMT HTTP/1.1" 200 None
_________________________ TestPMCTwist.test_pmc_twist __________________________

self = <tests.findit.test_pmc.TestPMCTwist testMethod=test_pmc_twist>

    def test_pmc_twist(self):
        """Test PMC twist with embargoed and non-embargoed articles."""
        embargoed = '25554792'      # Science / pmc-release = Jan 2, 2016 / PMC4380271
        nonembargoed = '26106273'   # Saudi Pharm / pmc-release = None / PMC4475813
    
        # TODO: update with more future-proof testing.
        #  Steps:
        #   1. search for pmids within the last 3-4 months in a top publisher (say SAGE)
        #   2. scan pmids for embargoed example
        #   3. test that correct behavior happens with embargoed article.
        #
        #  We can retain these "nonembargoed" PMIDS for testing: 25554792, 26106273
    
        # test that even if we find an embargo date, if date is passed, we get a PMC url.
        source = FindIt(pmid=embargoed)
        assert source.pma.pmc == '4380271'
        assert source.pma.history['pmc-release'] is not None
>       assert "pmc" in source.url
               ^^^^^^^^^^^^^^^^^^^
E       TypeError: argument of type 'NoneType' is not iterable

tests/findit/test_pmc.py:27: TypeError
----------------------------- Captured stderr call -----------------------------
Resetting dropped connection: eutils.ncbi.nlm.nih.gov
https://eutils.ncbi.nlm.nih.gov:443 "GET /entrez/eutils/efetch.fcgi?api_key=e58792b53033b8b644acf76c745486831907&tool=metapub&db=pubmed&id=25554792&rettype=xml&retmode=text HTTP/1.1" 200 None
------------------------------ Captured log call -------------------------------
DEBUG    urllib3.connectionpool:connectionpool.py:289 Resetting dropped connection: eutils.ncbi.nlm.nih.gov
DEBUG    urllib3.connectionpool:connectionpool.py:544 https://eutils.ncbi.nlm.nih.gov:443 "GET /entrez/eutils/efetch.fcgi?api_key=e58792b53033b8b644acf76c745486831907&tool=metapub&db=pubmed&id=25554792&rettype=xml&retmode=text HTTP/1.1" 200 None
____________ TestProjectMuseDance.test_projectmuse_melody_404_error ____________

self = <tests.findit.test_projectmuse.TestProjectMuseDance testMethod=test_projectmuse_melody_404_error>
mock_get = <MagicMock name='get' id='133437412001792'>

    @patch('requests.get')
    def test_projectmuse_melody_404_error(self, mock_get):
        """Test 8: Article not found (404 error).
    
        Expected: Should try multiple patterns and handle 404 errors
        """
        # Mock 404 response for all attempts
        mock_response = Mock()
        mock_response.ok = False
        mock_response.status_code = 404
        mock_get.return_value = mock_response
    
        pma = self.fetch.article_by_pmid('38661995')
    
        # Test - should try multiple patterns and eventually fail
        with pytest.raises(NoPDFLink) as exc_info:
            the_projectmuse_syrtos(pma, verify=True)
    
>       assert 'DENIED' in str(exc_info.value) or 'TXERROR' in str(exc_info.value) or 'PATTERN' in str(exc_info.value)
E       AssertionError: assert ('DENIED' in 'MISSING: No PDF URL found via citation_pdf_url meta tag extraction' or 'TXERROR' in 'MISSING: No PDF URL found via citation_pdf_url meta tag extraction' or 'PATTERN' in 'MISSING: No PDF URL found via citation_pdf_url meta tag extraction')
E        +  where 'MISSING: No PDF URL found via citation_pdf_url meta tag extraction' = str(NoPDFLink('MISSING: No PDF URL found via citation_pdf_url meta tag extraction'))
E        +    where NoPDFLink('MISSING: No PDF URL found via citation_pdf_url meta tag extraction') = <ExceptionInfo NoPDFLink('MISSING: No PDF URL found via citation_pdf_url meta tag extraction') tblen=2>.value
E        +  and   'MISSING: No PDF URL found via citation_pdf_url meta tag extraction' = str(NoPDFLink('MISSING: No PDF URL found via citation_pdf_url meta tag extraction'))
E        +    where NoPDFLink('MISSING: No PDF URL found via citation_pdf_url meta tag extraction') = <ExceptionInfo NoPDFLink('MISSING: No PDF URL found via citation_pdf_url meta tag extraction') tblen=2>.value
E        +  and   'MISSING: No PDF URL found via citation_pdf_url meta tag extraction' = str(NoPDFLink('MISSING: No PDF URL found via citation_pdf_url meta tag extraction'))
E        +    where NoPDFLink('MISSING: No PDF URL found via citation_pdf_url meta tag extraction') = <ExceptionInfo NoPDFLink('MISSING: No PDF URL found via citation_pdf_url meta tag extraction') tblen=2>.value

tests/findit/test_projectmuse.py:338: AssertionError
----------------------------- Captured stderr call -----------------------------
Resetting dropped connection: eutils.ncbi.nlm.nih.gov
https://eutils.ncbi.nlm.nih.gov:443 "GET /entrez/eutils/efetch.fcgi?api_key=e58792b53033b8b644acf76c745486831907&tool=metapub&db=pubmed&id=38661995&rettype=xml&retmode=text HTTP/1.1" 200 None
Starting new HTTPS connection (1): muse.jhu.edu:443
https://muse.jhu.edu:443 "GET /verify?url=%2Farticle%2F924193&r=807540 HTTP/1.1" 200 944
------------------------------ Captured log call -------------------------------
DEBUG    urllib3.connectionpool:connectionpool.py:289 Resetting dropped connection: eutils.ncbi.nlm.nih.gov
DEBUG    urllib3.connectionpool:connectionpool.py:544 https://eutils.ncbi.nlm.nih.gov:443 "GET /entrez/eutils/efetch.fcgi?api_key=e58792b53033b8b644acf76c745486831907&tool=metapub&db=pubmed&id=38661995&rettype=xml&retmode=text HTTP/1.1" 200 None
DEBUG    urllib3.connectionpool:connectionpool.py:1049 Starting new HTTPS connection (1): muse.jhu.edu:443
DEBUG    urllib3.connectionpool:connectionpool.py:544 https://muse.jhu.edu:443 "GET /verify?url=%2Farticle%2F924193&r=807540 HTTP/1.1" 200 944
____ TestProjectMuseDance.test_projectmuse_melody_url_construction_hum_biol ____

self = <tests.findit.test_projectmuse.TestProjectMuseDance testMethod=test_projectmuse_melody_url_construction_hum_biol>

    def test_projectmuse_melody_url_construction_hum_biol(self):
        """Test 2: Human Biology.
    
        PMID: 37733615 (Hum Biol)
        Expected: Should construct valid Project MUSE PDF URL
        """
        pma = self.fetch.article_by_pmid('37733615')
    
        print(f"Test 2 - Article info: {pma.journal}, DOI: {pma.doi}")
    
        # Skip test if no DOI available
        if not pma.doi:
            print("Test 2 - Skipping: No DOI available for this PMID")
            return
    
        # Test without verification
>       url = the_projectmuse_syrtos(pma, verify=False)
              ^^^^^^^^^^^^^^^^^^^^^^^^^^^^^^^^^^^^^^^^^

tests/findit/test_projectmuse.py:187: 
_ _ _ _ _ _ _ _ _ _ _ _ _ _ _ _ _ _ _ _ _ _ _ _ _ _ _ _ _ _ _ _ _ _ _ _ _ _ _ _ 

pma = <metapub.pubmedarticle.PubMedArticle object at 0x795c518803e0>
verify = False, request_timeout = 10, max_redirects = 3

    def the_projectmuse_syrtos(pma, verify=True, request_timeout=10, max_redirects=3):
        """
        Project MUSE dance function - evidence-driven meta tag extraction.
    
        Based on evidence analysis of 3 HTML samples showing perfect citation_pdf_url
        meta tags in all cases. Simple and reliable approach.
    
        :param pma: PubMedArticle object
        :param verify: bool [default: True] - Verify PDF URL accessibility
        :return: PDF URL string
        :raises: NoPDFLink if DOI missing or meta tag extraction fails
        """
        if not pma.doi:
            raise NoPDFLink('MISSING: DOI required for Project MUSE articles')
    
        # Step 1: Resolve DOI to get Project MUSE article URL
        article_url = the_doi_2step(pma.doi)
    
        # Step 2: Fetch article page HTML
        response = unified_uri_get(article_url, timeout=request_timeout, max_redirects=max_redirects)
    
        if response.status_code not in (200, 301, 302, 307):
            raise NoPDFLink(f'TXERROR: Could not access Project MUSE article page (HTTP {response.status_code})')
    
        # Step 3: Extract citation_pdf_url meta tag (evidence-based approach)
        pdf_match = re.search(r'<meta[^>]*name=["\']citation_pdf_url["\'][^>]*content=["\']([^"\']+)["\']',
                             response.text, re.IGNORECASE)
    
        if not pdf_match:
>           raise NoPDFLink('MISSING: No PDF URL found via citation_pdf_url meta tag extraction')
E           metapub.exceptions.NoPDFLink: MISSING: No PDF URL found via citation_pdf_url meta tag extraction

metapub/findit/dances/projectmuse.py:49: NoPDFLink
----------------------------- Captured stdout call -----------------------------
Test 2 - Article info: Hum Biol, DOI: 10.1353/hub.2021.0010
----------------------------- Captured stderr call -----------------------------
https://eutils.ncbi.nlm.nih.gov:443 "GET /entrez/eutils/efetch.fcgi?api_key=e58792b53033b8b644acf76c745486831907&tool=metapub&db=pubmed&id=37733615&rettype=xml&retmode=text HTTP/1.1" 200 None
Starting new HTTPS connection (1): muse.jhu.edu:443
https://muse.jhu.edu:443 "GET /verify?url=%2Farticle%2F851655&r=135528 HTTP/1.1" 200 944
------------------------------ Captured log call -------------------------------
DEBUG    urllib3.connectionpool:connectionpool.py:544 https://eutils.ncbi.nlm.nih.gov:443 "GET /entrez/eutils/efetch.fcgi?api_key=e58792b53033b8b644acf76c745486831907&tool=metapub&db=pubmed&id=37733615&rettype=xml&retmode=text HTTP/1.1" 200 None
DEBUG    urllib3.connectionpool:connectionpool.py:1049 Starting new HTTPS connection (1): muse.jhu.edu:443
DEBUG    urllib3.connectionpool:connectionpool.py:544 https://muse.jhu.edu:443 "GET /verify?url=%2Farticle%2F851655&r=135528 HTTP/1.1" 200 944
__ TestProjectMuseDance.test_projectmuse_melody_url_construction_lang_baltim ___

self = <tests.findit.test_projectmuse.TestProjectMuseDance testMethod=test_projectmuse_melody_url_construction_lang_baltim>

    def test_projectmuse_melody_url_construction_lang_baltim(self):
        """Test 3: Language (Baltim).
    
        PMID: 37034148 (Language (Baltim))
        Expected: Should construct valid Project MUSE PDF URL
        """
        pma = self.fetch.article_by_pmid('37034148')
    
        print(f"Test 3 - Article info: {pma.journal}, DOI: {pma.doi}")
    
        # Skip test if no DOI available
        if not pma.doi:
            print("Test 3 - Skipping: No DOI available for this PMID")
            return
    
        # Test without verification
        url = the_projectmuse_syrtos(pma, verify=False)
        assert url is not None
>       assert 'muse.jhu.edu' in url
E       AssertionError: assert 'muse.jhu.edu' in 'https://www.cambridge.org/core/services/aop-cambridge-core/content/view/4FC41CF46B59159B047346BBDD8D1282/S0097850722004131a.pdf/div-class-title-language-exposure-predicts-children-s-phonetic-patterning-evidence-from-language-shift-div.pdf'

tests/findit/test_projectmuse.py:210: AssertionError
----------------------------- Captured stdout call -----------------------------
Test 3 - Article info: Language (Baltim), DOI: 10.1353/lan.0.0269
----------------------------- Captured stderr call -----------------------------
https://eutils.ncbi.nlm.nih.gov:443 "GET /entrez/eutils/efetch.fcgi?api_key=e58792b53033b8b644acf76c745486831907&tool=metapub&db=pubmed&id=37034148&rettype=xml&retmode=text HTTP/1.1" 200 None
Starting new HTTPS connection (1): www.cambridge.org:443
https://www.cambridge.org:443 "GET /core/journals/language/article/abs/language-exposure-predicts-childrens-phonetic-patterning-evidence-from-language-shift/4FC41CF46B59159B047346BBDD8D1282 HTTP/1.1" 200 None
------------------------------ Captured log call -------------------------------
DEBUG    urllib3.connectionpool:connectionpool.py:544 https://eutils.ncbi.nlm.nih.gov:443 "GET /entrez/eutils/efetch.fcgi?api_key=e58792b53033b8b644acf76c745486831907&tool=metapub&db=pubmed&id=37034148&rettype=xml&retmode=text HTTP/1.1" 200 None
DEBUG    urllib3.connectionpool:connectionpool.py:1049 Starting new HTTPS connection (1): www.cambridge.org:443
DEBUG    urllib3.connectionpool:connectionpool.py:544 https://www.cambridge.org:443 "GET /core/journals/language/article/abs/language-exposure-predicts-childrens-phonetic-patterning-evidence-from-language-shift/4FC41CF46B59159B047346BBDD8D1282 HTTP/1.1" 200 None
___ TestProjectMuseDance.test_projectmuse_melody_url_construction_narrat_inq ___

self = <tests.findit.test_projectmuse.TestProjectMuseDance testMethod=test_projectmuse_melody_url_construction_narrat_inq>

    def test_projectmuse_melody_url_construction_narrat_inq(self):
        """Test 1: URL construction success (Narrat Inq Bioeth).
    
        PMID: 38661995 (Narrat Inq Bioeth)
        Expected: Should construct valid Project MUSE PDF URL
        """
        pma = self.fetch.article_by_pmid('38661995')
    
        print(f"Test 1 - Article info: {pma.journal}, DOI: {pma.doi}")
    
        # Test without verification (should always work for URL construction)
>       url = the_projectmuse_syrtos(pma, verify=False)
              ^^^^^^^^^^^^^^^^^^^^^^^^^^^^^^^^^^^^^^^^^

tests/findit/test_projectmuse.py:165: 
_ _ _ _ _ _ _ _ _ _ _ _ _ _ _ _ _ _ _ _ _ _ _ _ _ _ _ _ _ _ _ _ _ _ _ _ _ _ _ _ 

pma = <metapub.pubmedarticle.PubMedArticle object at 0x795c51955010>
verify = False, request_timeout = 10, max_redirects = 3

    def the_projectmuse_syrtos(pma, verify=True, request_timeout=10, max_redirects=3):
        """
        Project MUSE dance function - evidence-driven meta tag extraction.
    
        Based on evidence analysis of 3 HTML samples showing perfect citation_pdf_url
        meta tags in all cases. Simple and reliable approach.
    
        :param pma: PubMedArticle object
        :param verify: bool [default: True] - Verify PDF URL accessibility
        :return: PDF URL string
        :raises: NoPDFLink if DOI missing or meta tag extraction fails
        """
        if not pma.doi:
            raise NoPDFLink('MISSING: DOI required for Project MUSE articles')
    
        # Step 1: Resolve DOI to get Project MUSE article URL
        article_url = the_doi_2step(pma.doi)
    
        # Step 2: Fetch article page HTML
        response = unified_uri_get(article_url, timeout=request_timeout, max_redirects=max_redirects)
    
        if response.status_code not in (200, 301, 302, 307):
            raise NoPDFLink(f'TXERROR: Could not access Project MUSE article page (HTTP {response.status_code})')
    
        # Step 3: Extract citation_pdf_url meta tag (evidence-based approach)
        pdf_match = re.search(r'<meta[^>]*name=["\']citation_pdf_url["\'][^>]*content=["\']([^"\']+)["\']',
                             response.text, re.IGNORECASE)
    
        if not pdf_match:
>           raise NoPDFLink('MISSING: No PDF URL found via citation_pdf_url meta tag extraction')
E           metapub.exceptions.NoPDFLink: MISSING: No PDF URL found via citation_pdf_url meta tag extraction

metapub/findit/dances/projectmuse.py:49: NoPDFLink
----------------------------- Captured stdout call -----------------------------
Test 1 - Article info: Narrat Inq Bioeth, DOI: 10.1353/nib.2023.a924193
----------------------------- Captured stderr call -----------------------------
https://eutils.ncbi.nlm.nih.gov:443 "GET /entrez/eutils/efetch.fcgi?api_key=e58792b53033b8b644acf76c745486831907&tool=metapub&db=pubmed&id=38661995&rettype=xml&retmode=text HTTP/1.1" 200 None
Starting new HTTPS connection (1): muse.jhu.edu:443
https://muse.jhu.edu:443 "GET /verify?url=%2Farticle%2F924193&r=807540 HTTP/1.1" 200 943
------------------------------ Captured log call -------------------------------
DEBUG    urllib3.connectionpool:connectionpool.py:544 https://eutils.ncbi.nlm.nih.gov:443 "GET /entrez/eutils/efetch.fcgi?api_key=e58792b53033b8b644acf76c745486831907&tool=metapub&db=pubmed&id=38661995&rettype=xml&retmode=text HTTP/1.1" 200 None
DEBUG    urllib3.connectionpool:connectionpool.py:1049 Starting new HTTPS connection (1): muse.jhu.edu:443
DEBUG    urllib3.connectionpool:connectionpool.py:544 https://muse.jhu.edu:443 "GET /verify?url=%2Farticle%2F924193&r=807540 HTTP/1.1" 200 943
___________ TestScieloDance.test_scielo_chula_fallback_to_href_links ___________

self = <tests.findit.test_scielo.TestScieloDance testMethod=test_scielo_chula_fallback_to_href_links>
mock_get = <MagicMock name='get' id='133437412967536'>

    @patch('requests.get')
    def test_scielo_chula_fallback_to_href_links(self, mock_get):
        """Test 9: Fallback to href PDF links when meta tag missing.
    
        Expected: Should find PDF links in page content as fallback
        """
        # Mock response without citation_pdf_url meta tag but with PDF links
        mock_response = Mock()
        mock_response.ok = True
        mock_response.url = 'https://www.scielo.br/test'
        mock_response.content = b'''<!DOCTYPE html>
        <html><head></head>
        <body>
            <a href="/j/ag/a/someID/?format=pdf&lang=en">Download PDF</a>
        </body></html>'''
        mock_get.return_value = mock_response
    
        pma = Mock()
        pma.pii = 'S0004-28032013000100035'
        pma.doi = '10.1590/test'
        pma.journal = 'Test Journal'
    
>       url = the_scielo_chula(pma, verify=False)
              ^^^^^^^^^^^^^^^^^^^^^^^^^^^^^^^^^^^

tests/findit/test_scielo.py:258: 
_ _ _ _ _ _ _ _ _ _ _ _ _ _ _ _ _ _ _ _ _ _ _ _ _ _ _ _ _ _ _ _ _ _ _ _ _ _ _ _ 

pma = <Mock id='133437417556736'>, verify = False, request_timeout = 10
max_redirects = 3

    def the_scielo_chula(pma, verify=True, request_timeout=10, max_redirects=3):
        '''SciELO: The Scientific Electronic Library Online
    
        SciELO is an electronic library covering a selected collection of Brazilian
        scientific journals.
    
        Examples:
            23657305: pii = S0004-28032013000100035
                http://www.scielo.br/scielo.php?script=sci_arttext&pid=S0004-28032013000100035
                http://www.scielo.br/pdf/ag/v50n1/0004-2803-ag-50-01-35.pdf
        '''
        page_text = None
        baseurl_pii = 'http://www.scielo.br/scielo.php?script=sci_arttext&pid=%s'
        if pma.pii:
            response = unified_uri_get(baseurl_pii % pma.pii, timeout=request_timeout, max_redirects=max_redirects)
            if response.ok:
                page_text = response.content
    
        if page_text is None:
            if pma.doi:
                response = unified_uri_get(the_doi_2step(pma.doi), timeout=request_timeout, max_redirects=max_redirects)
                if response.ok:
                    page_text = response.content
            else:
                raise NoPDFLink('MISSING: pii or doi needed for SciELO lookup.')
    
        if page_text:
            pdf_url = None
            try:
                # Parse HTML and look for citation_pdf_url meta tag
                root = etree.fromstring(page_text, HTMLParser())
                head = root.find('.//head')
                if head is not None:
                    for elem in head.findall('.//meta'):
                        if elem.get('name') == 'citation_pdf_url':
                            pdf_url = elem.get('content')
                            break
    
                # If no meta tag found, try to look for PDF links in the page
                if pdf_url is None:
                    for elem in root.iter():
                        if elem.tag == 'a':
                            href = elem.get('href', '')
                            if 'format=pdf' in href:
                                # Convert relative URL to absolute URL
                                if href.startswith('/'):
                                    pdf_url = 'https://www.scielo.br' + href
                                else:
                                    pdf_url = href
                                break
    
            except (etree.XMLSyntaxError, etree.ParserError, AttributeError) as parse_error:
                raise NoPDFLink('TXERROR: Failed to parse SciELO article page: %s' % str(parse_error))
    
            if pdf_url:
                if verify:
                    verify_pdf_url(pdf_url, 'SciELO', request_timeout=request_timeout, max_redirects=max_redirects)
                return pdf_url
            else:
>               raise NoPDFLink('TXERROR: SciELO article page lacks PDF download link.')
E               metapub.exceptions.NoPDFLink: TXERROR: SciELO article page lacks PDF download link.

metapub/findit/dances/scielo.py:68: NoPDFLink
----------------------------- Captured stderr call -----------------------------
Starting new HTTP connection (1): www.scielo.br:80
http://www.scielo.br:80 "GET /scielo.php?script=sci_arttext&pid=S0004-28032013000100035 HTTP/1.1" 301 267
http://www.scielo.br:80 "GET /j/ag/a/tmtNzPCNWvVSLhRw7NyjSnq/?lang=en HTTP/1.1" 200 None
------------------------------ Captured log call -------------------------------
DEBUG    urllib3.connectionpool:connectionpool.py:241 Starting new HTTP connection (1): www.scielo.br:80
DEBUG    urllib3.connectionpool:connectionpool.py:544 http://www.scielo.br:80 "GET /scielo.php?script=sci_arttext&pid=S0004-28032013000100035 HTTP/1.1" 301 267
DEBUG    urllib3.connectionpool:connectionpool.py:544 http://www.scielo.br:80 "GET /j/ag/a/tmtNzPCNWvVSLhRw7NyjSnq/?lang=en HTTP/1.1" 200 None
___________ TestScieloDance.test_scielo_chula_successful_pdf_access ____________

self = <tests.findit.test_scielo.TestScieloDance testMethod=test_scielo_chula_successful_pdf_access>
mock_get = <MagicMock name='get' id='133437412112144'>

    @patch('requests.get')
    def test_scielo_chula_successful_pdf_access(self, mock_get):
        """Test 4: Successful PDF access simulation.
    
        PMID: 23657305 (Arq Gastroenterol)
        Expected: Should return PDF URL when accessible
        """
        # Mock initial page response (successful)
        mock_page_response = Mock()
        mock_page_response.ok = True
        mock_page_response.url = 'https://www.scielo.br/j/ag/a/tmtNzPCNWvVSLhRw7NyjSnq/?lang=en'
        mock_page_response.content = b'''<!DOCTYPE html>
        <html><head>
            <meta name="citation_pdf_url" content="https://www.scielo.br/j/ag/a/tmtNzPCNWvVSLhRw7NyjSnq/?lang=en&format=pdf">
        </head><body></body></html>'''
    
        # Mock successful PDF response for verification
        mock_pdf_response = Mock()
        mock_pdf_response.status_code = 200
        mock_pdf_response.ok = True
        mock_pdf_response.headers = {'content-type': 'application/pdf'}
        mock_pdf_response.url = 'https://www.scielo.br/j/ag/a/tmtNzPCNWvVSLhRw7NyjSnq/?lang=en&format=pdf'
    
        def side_effect(url, *args, **kwargs):
            if 'format=pdf' in url:
                return mock_pdf_response
            else:
                return mock_page_response
    
        mock_get.side_effect = side_effect
    
        pma = self.fetch.article_by_pmid('23657305')
    
        # Test with verification - should succeed
>       url = the_scielo_chula(pma, verify=True)
              ^^^^^^^^^^^^^^^^^^^^^^^^^^^^^^^^^^

tests/findit/test_scielo.py:130: 
_ _ _ _ _ _ _ _ _ _ _ _ _ _ _ _ _ _ _ _ _ _ _ _ _ _ _ _ _ _ _ _ _ _ _ _ _ _ _ _ 

pma = <metapub.pubmedarticle.PubMedArticle object at 0x795c52add0d0>
verify = True, request_timeout = 10, max_redirects = 3

    def the_scielo_chula(pma, verify=True, request_timeout=10, max_redirects=3):
        '''SciELO: The Scientific Electronic Library Online
    
        SciELO is an electronic library covering a selected collection of Brazilian
        scientific journals.
    
        Examples:
            23657305: pii = S0004-28032013000100035
                http://www.scielo.br/scielo.php?script=sci_arttext&pid=S0004-28032013000100035
                http://www.scielo.br/pdf/ag/v50n1/0004-2803-ag-50-01-35.pdf
        '''
        page_text = None
        baseurl_pii = 'http://www.scielo.br/scielo.php?script=sci_arttext&pid=%s'
        if pma.pii:
            response = unified_uri_get(baseurl_pii % pma.pii, timeout=request_timeout, max_redirects=max_redirects)
            if response.ok:
                page_text = response.content
    
        if page_text is None:
            if pma.doi:
                response = unified_uri_get(the_doi_2step(pma.doi), timeout=request_timeout, max_redirects=max_redirects)
                if response.ok:
                    page_text = response.content
            else:
                raise NoPDFLink('MISSING: pii or doi needed for SciELO lookup.')
    
        if page_text:
            pdf_url = None
            try:
                # Parse HTML and look for citation_pdf_url meta tag
                root = etree.fromstring(page_text, HTMLParser())
                head = root.find('.//head')
                if head is not None:
                    for elem in head.findall('.//meta'):
                        if elem.get('name') == 'citation_pdf_url':
                            pdf_url = elem.get('content')
                            break
    
                # If no meta tag found, try to look for PDF links in the page
                if pdf_url is None:
                    for elem in root.iter():
                        if elem.tag == 'a':
                            href = elem.get('href', '')
                            if 'format=pdf' in href:
                                # Convert relative URL to absolute URL
                                if href.startswith('/'):
                                    pdf_url = 'https://www.scielo.br' + href
                                else:
                                    pdf_url = href
                                break
    
            except (etree.XMLSyntaxError, etree.ParserError, AttributeError) as parse_error:
                raise NoPDFLink('TXERROR: Failed to parse SciELO article page: %s' % str(parse_error))
    
            if pdf_url:
                if verify:
                    verify_pdf_url(pdf_url, 'SciELO', request_timeout=request_timeout, max_redirects=max_redirects)
                return pdf_url
            else:
>               raise NoPDFLink('TXERROR: SciELO article page lacks PDF download link.')
E               metapub.exceptions.NoPDFLink: TXERROR: SciELO article page lacks PDF download link.

metapub/findit/dances/scielo.py:68: NoPDFLink
----------------------------- Captured stderr call -----------------------------
https://eutils.ncbi.nlm.nih.gov:443 "GET /entrez/eutils/efetch.fcgi?api_key=e58792b53033b8b644acf76c745486831907&tool=metapub&db=pubmed&id=23657305&rettype=xml&retmode=text HTTP/1.1" 200 None
Starting new HTTP connection (1): www.scielo.br:80
http://www.scielo.br:80 "GET /scielo.php?script=sci_arttext&pid=S0004-28032013000100035 HTTP/1.1" 301 267
http://www.scielo.br:80 "GET /j/ag/a/tmtNzPCNWvVSLhRw7NyjSnq/?lang=en HTTP/1.1" 200 None
------------------------------ Captured log call -------------------------------
DEBUG    urllib3.connectionpool:connectionpool.py:544 https://eutils.ncbi.nlm.nih.gov:443 "GET /entrez/eutils/efetch.fcgi?api_key=e58792b53033b8b644acf76c745486831907&tool=metapub&db=pubmed&id=23657305&rettype=xml&retmode=text HTTP/1.1" 200 None
DEBUG    urllib3.connectionpool:connectionpool.py:241 Starting new HTTP connection (1): www.scielo.br:80
DEBUG    urllib3.connectionpool:connectionpool.py:544 http://www.scielo.br:80 "GET /scielo.php?script=sci_arttext&pid=S0004-28032013000100035 HTTP/1.1" 301 267
DEBUG    urllib3.connectionpool:connectionpool.py:544 http://www.scielo.br:80 "GET /j/ag/a/tmtNzPCNWvVSLhRw7NyjSnq/?lang=en HTTP/1.1" 200 None
_________ TestScieloDance.test_scielo_chula_url_construction_with_doi __________

self = <tests.findit.test_scielo.TestScieloDance testMethod=test_scielo_chula_url_construction_with_doi>

    def test_scielo_chula_url_construction_with_doi(self):
        """Test 2: URL construction using DOI fallback (different Arq Gastroenterol article).
    
        PMID: 32294727 (Arq Gastroenterol - Editorial)
        Expected: Should construct valid SciELO PDF URL using DOI when PII available
        """
        pma = self.fetch.article_by_pmid('32294727')
    
        assert pma.journal == 'Arq Gastroenterol'
        assert pma.doi == '10.1590/S0004-2803.202000000-01'
        assert pma.pii == 'S0004-28032020000100001'
        print(f"Test 2 - Article info: {pma.journal}, PII: {pma.pii}, DOI: {pma.doi}")
    
        # Test without verification
>       url = the_scielo_chula(pma, verify=False)
              ^^^^^^^^^^^^^^^^^^^^^^^^^^^^^^^^^^^

tests/findit/test_scielo.py:57: 
_ _ _ _ _ _ _ _ _ _ _ _ _ _ _ _ _ _ _ _ _ _ _ _ _ _ _ _ _ _ _ _ _ _ _ _ _ _ _ _ 

pma = <metapub.pubmedarticle.PubMedArticle object at 0x795c5191b4d0>
verify = False, request_timeout = 10, max_redirects = 3

    def the_scielo_chula(pma, verify=True, request_timeout=10, max_redirects=3):
        '''SciELO: The Scientific Electronic Library Online
    
        SciELO is an electronic library covering a selected collection of Brazilian
        scientific journals.
    
        Examples:
            23657305: pii = S0004-28032013000100035
                http://www.scielo.br/scielo.php?script=sci_arttext&pid=S0004-28032013000100035
                http://www.scielo.br/pdf/ag/v50n1/0004-2803-ag-50-01-35.pdf
        '''
        page_text = None
        baseurl_pii = 'http://www.scielo.br/scielo.php?script=sci_arttext&pid=%s'
        if pma.pii:
            response = unified_uri_get(baseurl_pii % pma.pii, timeout=request_timeout, max_redirects=max_redirects)
            if response.ok:
                page_text = response.content
    
        if page_text is None:
            if pma.doi:
                response = unified_uri_get(the_doi_2step(pma.doi), timeout=request_timeout, max_redirects=max_redirects)
                if response.ok:
                    page_text = response.content
            else:
                raise NoPDFLink('MISSING: pii or doi needed for SciELO lookup.')
    
        if page_text:
            pdf_url = None
            try:
                # Parse HTML and look for citation_pdf_url meta tag
                root = etree.fromstring(page_text, HTMLParser())
                head = root.find('.//head')
                if head is not None:
                    for elem in head.findall('.//meta'):
                        if elem.get('name') == 'citation_pdf_url':
                            pdf_url = elem.get('content')
                            break
    
                # If no meta tag found, try to look for PDF links in the page
                if pdf_url is None:
                    for elem in root.iter():
                        if elem.tag == 'a':
                            href = elem.get('href', '')
                            if 'format=pdf' in href:
                                # Convert relative URL to absolute URL
                                if href.startswith('/'):
                                    pdf_url = 'https://www.scielo.br' + href
                                else:
                                    pdf_url = href
                                break
    
            except (etree.XMLSyntaxError, etree.ParserError, AttributeError) as parse_error:
                raise NoPDFLink('TXERROR: Failed to parse SciELO article page: %s' % str(parse_error))
    
            if pdf_url:
                if verify:
                    verify_pdf_url(pdf_url, 'SciELO', request_timeout=request_timeout, max_redirects=max_redirects)
                return pdf_url
            else:
>               raise NoPDFLink('TXERROR: SciELO article page lacks PDF download link.')
E               metapub.exceptions.NoPDFLink: TXERROR: SciELO article page lacks PDF download link.

metapub/findit/dances/scielo.py:68: NoPDFLink
----------------------------- Captured stdout call -----------------------------
Test 2 - Article info: Arq Gastroenterol, PII: S0004-28032020000100001, DOI: 10.1590/S0004-2803.202000000-01
----------------------------- Captured stderr call -----------------------------
https://eutils.ncbi.nlm.nih.gov:443 "GET /entrez/eutils/efetch.fcgi?api_key=e58792b53033b8b644acf76c745486831907&tool=metapub&db=pubmed&id=32294727&rettype=xml&retmode=text HTTP/1.1" 200 None
Starting new HTTP connection (1): www.scielo.br:80
http://www.scielo.br:80 "GET /scielo.php?script=sci_arttext&pid=S0004-28032020000100001 HTTP/1.1" 301 267
http://www.scielo.br:80 "GET /j/ag/a/7LhQCVRvgNCzgBhgRS98BZf/?lang=en HTTP/1.1" 200 None
------------------------------ Captured log call -------------------------------
DEBUG    urllib3.connectionpool:connectionpool.py:544 https://eutils.ncbi.nlm.nih.gov:443 "GET /entrez/eutils/efetch.fcgi?api_key=e58792b53033b8b644acf76c745486831907&tool=metapub&db=pubmed&id=32294727&rettype=xml&retmode=text HTTP/1.1" 200 None
DEBUG    urllib3.connectionpool:connectionpool.py:241 Starting new HTTP connection (1): www.scielo.br:80
DEBUG    urllib3.connectionpool:connectionpool.py:544 http://www.scielo.br:80 "GET /scielo.php?script=sci_arttext&pid=S0004-28032020000100001 HTTP/1.1" 301 267
DEBUG    urllib3.connectionpool:connectionpool.py:544 http://www.scielo.br:80 "GET /j/ag/a/7LhQCVRvgNCzgBhgRS98BZf/?lang=en HTTP/1.1" 200 None
_________ TestScieloDance.test_scielo_chula_url_construction_with_pii __________

self = <tests.findit.test_scielo.TestScieloDance testMethod=test_scielo_chula_url_construction_with_pii>

    def test_scielo_chula_url_construction_with_pii(self):
        """Test 1: URL construction success using PII (Arq Gastroenterol article).
    
        PMID: 23657305 (Arq Gastroenterol - Arquivos de Gastroenterologia)
        Expected: Should construct valid SciELO PDF URL using PII
        """
        pma = self.fetch.article_by_pmid('23657305')
    
        assert pma.journal == 'Arq Gastroenterol'
        assert pma.doi == '10.1590/s0004-28032013000100008'
        assert pma.pii == 'S0004-28032013000100035'
        print(f"Test 1 - Article info: {pma.journal}, PII: {pma.pii}, DOI: {pma.doi}")
    
        # Test without verification (should always work for URL construction)
>       url = the_scielo_chula(pma, verify=False)
              ^^^^^^^^^^^^^^^^^^^^^^^^^^^^^^^^^^^

tests/findit/test_scielo.py:36: 
_ _ _ _ _ _ _ _ _ _ _ _ _ _ _ _ _ _ _ _ _ _ _ _ _ _ _ _ _ _ _ _ _ _ _ _ _ _ _ _ 

pma = <metapub.pubmedarticle.PubMedArticle object at 0x795c51d3aed0>
verify = False, request_timeout = 10, max_redirects = 3

    def the_scielo_chula(pma, verify=True, request_timeout=10, max_redirects=3):
        '''SciELO: The Scientific Electronic Library Online
    
        SciELO is an electronic library covering a selected collection of Brazilian
        scientific journals.
    
        Examples:
            23657305: pii = S0004-28032013000100035
                http://www.scielo.br/scielo.php?script=sci_arttext&pid=S0004-28032013000100035
                http://www.scielo.br/pdf/ag/v50n1/0004-2803-ag-50-01-35.pdf
        '''
        page_text = None
        baseurl_pii = 'http://www.scielo.br/scielo.php?script=sci_arttext&pid=%s'
        if pma.pii:
            response = unified_uri_get(baseurl_pii % pma.pii, timeout=request_timeout, max_redirects=max_redirects)
            if response.ok:
                page_text = response.content
    
        if page_text is None:
            if pma.doi:
                response = unified_uri_get(the_doi_2step(pma.doi), timeout=request_timeout, max_redirects=max_redirects)
                if response.ok:
                    page_text = response.content
            else:
                raise NoPDFLink('MISSING: pii or doi needed for SciELO lookup.')
    
        if page_text:
            pdf_url = None
            try:
                # Parse HTML and look for citation_pdf_url meta tag
                root = etree.fromstring(page_text, HTMLParser())
                head = root.find('.//head')
                if head is not None:
                    for elem in head.findall('.//meta'):
                        if elem.get('name') == 'citation_pdf_url':
                            pdf_url = elem.get('content')
                            break
    
                # If no meta tag found, try to look for PDF links in the page
                if pdf_url is None:
                    for elem in root.iter():
                        if elem.tag == 'a':
                            href = elem.get('href', '')
                            if 'format=pdf' in href:
                                # Convert relative URL to absolute URL
                                if href.startswith('/'):
                                    pdf_url = 'https://www.scielo.br' + href
                                else:
                                    pdf_url = href
                                break
    
            except (etree.XMLSyntaxError, etree.ParserError, AttributeError) as parse_error:
                raise NoPDFLink('TXERROR: Failed to parse SciELO article page: %s' % str(parse_error))
    
            if pdf_url:
                if verify:
                    verify_pdf_url(pdf_url, 'SciELO', request_timeout=request_timeout, max_redirects=max_redirects)
                return pdf_url
            else:
>               raise NoPDFLink('TXERROR: SciELO article page lacks PDF download link.')
E               metapub.exceptions.NoPDFLink: TXERROR: SciELO article page lacks PDF download link.

metapub/findit/dances/scielo.py:68: NoPDFLink
----------------------------- Captured stdout call -----------------------------
Test 1 - Article info: Arq Gastroenterol, PII: S0004-28032013000100035, DOI: 10.1590/s0004-28032013000100008
----------------------------- Captured stderr call -----------------------------
https://eutils.ncbi.nlm.nih.gov:443 "GET /entrez/eutils/efetch.fcgi?api_key=e58792b53033b8b644acf76c745486831907&tool=metapub&db=pubmed&id=23657305&rettype=xml&retmode=text HTTP/1.1" 200 None
Starting new HTTP connection (1): www.scielo.br:80
http://www.scielo.br:80 "GET /scielo.php?script=sci_arttext&pid=S0004-28032013000100035 HTTP/1.1" 301 267
http://www.scielo.br:80 "GET /j/ag/a/tmtNzPCNWvVSLhRw7NyjSnq/?lang=en HTTP/1.1" 200 None
------------------------------ Captured log call -------------------------------
DEBUG    urllib3.connectionpool:connectionpool.py:544 https://eutils.ncbi.nlm.nih.gov:443 "GET /entrez/eutils/efetch.fcgi?api_key=e58792b53033b8b644acf76c745486831907&tool=metapub&db=pubmed&id=23657305&rettype=xml&retmode=text HTTP/1.1" 200 None
DEBUG    urllib3.connectionpool:connectionpool.py:241 Starting new HTTP connection (1): www.scielo.br:80
DEBUG    urllib3.connectionpool:connectionpool.py:544 http://www.scielo.br:80 "GET /scielo.php?script=sci_arttext&pid=S0004-28032013000100035 HTTP/1.1" 301 267
DEBUG    urllib3.connectionpool:connectionpool.py:544 http://www.scielo.br:80 "GET /j/ag/a/tmtNzPCNWvVSLhRw7NyjSnq/?lang=en HTTP/1.1" 200 None
=========================== short test summary info ============================
FAILED tests/findit/test_brill.py::TestBrillDance::test_brill_bridge_url_construction_early_sci_med
FAILED tests/findit/test_brill.py::TestBrillDance::test_brill_bridge_url_construction_early_sci_med_alt
FAILED tests/findit/test_brill.py::TestBrillDance::test_brill_bridge_url_construction_phronesis
FAILED tests/findit/test_brill.py::TestBrillDance::test_brill_bridge_url_construction_toung_pao
FAILED tests/findit/test_dovepress.py::TestDovePressTest::test_dovepress_waltz_cmar_article
FAILED tests/findit/test_dovepress.py::TestDovePressTest::test_dovepress_waltz_ijin_article
FAILED tests/findit/test_dovepress.py::TestDovePressTest::test_dovepress_waltz_opth_article
FAILED tests/findit/test_dovepress.py::TestDovepressXMLFixtures::test_dovepress_xml_37822558_adolesc_health_med_ther
FAILED tests/findit/test_dovepress.py::TestDovepressXMLFixtures::test_dovepress_xml_35592492_adolesc_health_med_ther
FAILED tests/findit/test_pmc.py::TestPMCTwist::test_pmc_twist - TypeError: ar...
FAILED tests/findit/test_projectmuse.py::TestProjectMuseDance::test_projectmuse_melody_404_error
FAILED tests/findit/test_projectmuse.py::TestProjectMuseDance::test_projectmuse_melody_url_construction_hum_biol
FAILED tests/findit/test_projectmuse.py::TestProjectMuseDance::test_projectmuse_melody_url_construction_lang_baltim
FAILED tests/findit/test_projectmuse.py::TestProjectMuseDance::test_projectmuse_melody_url_construction_narrat_inq
FAILED tests/findit/test_scielo.py::TestScieloDance::test_scielo_chula_fallback_to_href_links
FAILED tests/findit/test_scielo.py::TestScieloDance::test_scielo_chula_successful_pdf_access
FAILED tests/findit/test_scielo.py::TestScieloDance::test_scielo_chula_url_construction_with_doi
FAILED tests/findit/test_scielo.py::TestScieloDance::test_scielo_chula_url_construction_with_pii
================== 18 failed, 659 passed in 357.87s (0:05:57) ==================
